≡ƒöì Testing for: fever
≡ƒöÄ Querying MedlinePlus Connect for 'fever' ΓåÆ R50.9
URL: https://connect.medlineplus.gov/service?mainSearchCriteria.v.cs=2.16.840.1.113883.6.90&mainSearchCriteria.v.c=R50.9&informationRecipient.languageCode.c=en&knowledgeResponseType=application/json
≡ƒôä Found 1 entries.
≡ƒÜÇ Starting embedAndUpload...
node : Γ¥î Test failed!
At line:1 char:1
+ node debug-ingest.js 
> debug-ingest.out 2>&1
+ ~~~~~~~~~~~~~~~~~~~~~
~~~~~~~~~~~~~~~~~~~~~~~
    + CategoryInfo     
         : NotSpecifi  
  ed: (Γ¥î Test fail   
 ed!:String) [], Re    
moteException
    + FullyQualifiedEr 
   rorId : NativeComm  
  andError
 
Error Message: 
[GoogleGenerativeAI 
Error]: Error fetching 
from https://generative
language.googleapis.com
/v1/models/text-embeddi
ng-004:embedContent: 
[404 Not Found] models/
text-embedding-004 is 
not found for API 
version v1, or is not 
supported for 
embedContent. Call 
ListModels to see the 
list of available 
models and their 
supported methods.
Error Stack: Error: 
[GoogleGenerativeAI 
Error]: Error fetching 
from https://generative
language.googleapis.com
/v1/models/text-embeddi
ng-004:embedContent: 
[404 Not Found] models/
text-embedding-004 is 
not found for API 
version v1, or is not 
supported for 
embedContent. Call 
ListModels to see the 
list of available 
models and their 
supported methods.
    at 
handleResponseNotOk (fi
le:///C:/Users/adipr/Do
cuments/VytalCare/Vytal
Care-Vercel/node_module
s/@google/generative-ai
/dist/index.mjs:432:11)
    at process.processT
icksAndRejections (node
:internal/process/task_
queues:103:5)
    at async 
makeRequest (file:///C:
/Users/adipr/Documents/
VytalCare/VytalCare-Ver
cel/node_modules/@googl
e/generative-ai/dist/in
dex.mjs:401:9)
    at async 
embedContent (file:///C
:/Users/adipr/Documents
/VytalCare/VytalCare-Ve
rcel/node_modules/@goog
le/generative-ai/dist/i
ndex.mjs:1313:22)
    at async 
embedAndUpload (file://
/C:/Users/adipr/Documen
ts/VytalCare/VytalCare-
Vercel/ingest/embed_and
_upload.js:66:20)
    at async test (file
:///C:/Users/adipr/Docu
ments/VytalCare/VytalCa
re-Vercel/debug-ingest.
js:17:7)
