≡ƒöì Testing for: fever
≡ƒöÄ Querying MedlinePlus Connect for 'fever' ΓåÆ R50.9
URL: https://connect.medlineplus.gov/service?mainSearchCriteria.v.cs=2.16.840.1.113883.6.90&mainSearchCriteria.v.c=R50.9&informationRecipient.languageCode.c=en&knowledgeResponseType=application/json
≡ƒôä Found 1 entries.
≡ƒÜÇ Starting embedAndUpload...
node : Γ¥î Test failed!
At line:1 char:1
+ node debug-ingest.js 
> debug-ingest.out 2>&1
+ ~~~~~~~~~~~~~~~~~~~~~
~~~~~~~~~~~~~~~~~~~~~~~
    + CategoryInfo     
         : NotSpecifi  
  ed: (Γ¥î Test fail   
 ed!:String) [], Re    
moteException
    + FullyQualifiedEr 
   rorId : NativeComm  
  andError
 
Error Message: Bad 
Request
Error Stack: Error: 
Bad Request
    at Object.fun [as 
upsertPoints] (file:///
C:/Users/adipr/Document
s/VytalCare/VytalCare-V
ercel/node_modules/@qdr
ant/openapi-typescript-
fetch/dist/esm/fetcher.
js:169:23)
    at process.processT
icksAndRejections (node
:internal/process/task_
queues:103:5)
    at async 
QdrantClient.upsert (fi
le:///C:/Users/adipr/Do
cuments/VytalCare/Vytal
Care-Vercel/node_module
s/@qdrant/js-client-res
t/dist/esm/qdrant-clien
t.js:576:26)
    at async 
embedAndUpload (file://
/C:/Users/adipr/Documen
ts/VytalCare/VytalCare-
Vercel/ingest/embed_and
_upload.js:69:5)
    at async test (file
:///C:/Users/adipr/Docu
ments/VytalCare/VytalCa
re-Vercel/debug-ingest.
js:17:7)
